[2026-09-17T10:51:31.999+0000] {local_task_job_runner.py:120} INFO - ::group::Pre task execution logs
[2026-09-17T10:51:32.033+0000] {taskinstance.py:2076} INFO - Dependencies all met for dep_context=non-requeueable deps ti=<TaskInstance: youtube_warehouse.load_staging manual__2026-09-17T10:51:28+00:00 [queued]>
[2026-09-17T10:51:33.383+0000] {taskinstance.py:2076} INFO - Dependencies all met for dep_context=requeueable deps ti=<TaskInstance: youtube_warehouse.load_staging manual__2026-09-17T10:51:28+00:00 [queued]>
[2026-09-17T10:51:33.386+0000] {taskinstance.py:2306} INFO - Starting attempt 1 of 1
[2026-09-17T10:51:33.408+0000] {taskinstance.py:2330} INFO - Executing <Task(PythonOperator): load_staging> on 2026-09-17 10:51:28+00:00
[2026-09-17T10:51:33.415+0000] {standard_task_runner.py:63} INFO - Started process 338 to run task
[2026-09-17T10:51:33.419+0000] {standard_task_runner.py:90} INFO - Running: ['airflow', 'tasks', 'run', 'youtube_warehouse', 'load_staging', 'manual__2026-09-17T10:51:28+00:00', '--job-id', '12', '--raw', '--subdir', 'DAGS_FOLDER/warehouse_dag.py', '--cfg-path', '/tmp/tmpt2wtdj80']
[2026-09-17T10:51:33.423+0000] {standard_task_runner.py:91} INFO - Job 12: Subtask load_staging
[2026-09-17T10:51:33.525+0000] {task_command.py:426} INFO - Running <TaskInstance: youtube_warehouse.load_staging manual__2026-09-17T10:51:28+00:00 [running]> on host 2af1f86c161b
[2026-09-17T10:51:33.723+0000] {taskinstance.py:2648} INFO - Exporting env vars: AIRFLOW_CTX_DAG_OWNER='airflow' AIRFLOW_CTX_DAG_ID='youtube_warehouse' AIRFLOW_CTX_TASK_ID='load_staging' AIRFLOW_CTX_EXECUTION_DATE='2026-09-17T10:51:28+00:00' AIRFLOW_CTX_TRY_NUMBER='1' AIRFLOW_CTX_DAG_RUN_ID='manual__2026-09-17T10:51:28+00:00'
[2026-09-17T10:51:33.728+0000] {taskinstance.py:430} INFO - ::endgroup::
[2026-09-17T10:51:33.744+0000] {taskinstance.py:441} INFO - ::group::Post task execution logs
[2026-09-17T10:51:33.746+0000] {taskinstance.py:2905} ERROR - Task failed with exception
Traceback (most recent call last):
  File "/home/airflow/.local/lib/python3.10/site-packages/airflow/models/taskinstance.py", line 465, in _execute_task
    result = _execute_callable(context=context, **execute_callable_kwargs)
  File "/home/airflow/.local/lib/python3.10/site-packages/airflow/models/taskinstance.py", line 432, in _execute_callable
    return execute_callable(context=context, **execute_callable_kwargs)
  File "/home/airflow/.local/lib/python3.10/site-packages/airflow/models/baseoperator.py", line 401, in wrapper
    return func(self, *args, **kwargs)
  File "/home/airflow/.local/lib/python3.10/site-packages/airflow/operators/python.py", line 235, in execute
    return_value = self.execute_callable()
  File "/home/airflow/.local/lib/python3.10/site-packages/airflow/operators/python.py", line 252, in execute_callable
    return self.python_callable(*self.op_args, **self.op_kwargs)
  File "/opt/airflow/dags/warehouse_dag.py", line 19, in load_staging
    raise FileNotFoundError(f"JSON not found: {path}")
FileNotFoundError: JSON not found: /opt/airflow/data/YT_data_2026-09-17.json
[2026-09-17T10:51:33.791+0000] {taskinstance.py:1206} INFO - Marking task as FAILED. dag_id=youtube_warehouse, task_id=load_staging, run_id=manual__2026-09-17T10:51:28+00:00, execution_date=20260917T105128, start_date=20260917T105132, end_date=20260917T105133
[2026-09-17T10:51:33.812+0000] {standard_task_runner.py:110} ERROR - Failed to execute job 12 for task load_staging (JSON not found: /opt/airflow/data/YT_data_2026-09-17.json; 338)
[2026-09-17T10:51:33.836+0000] {local_task_job_runner.py:240} INFO - Task exited with return code 1
[2026-09-17T10:51:33.861+0000] {taskinstance.py:3503} INFO - 0 downstream tasks scheduled from follow-on schedule check
[2026-09-17T10:51:33.881+0000] {local_task_job_runner.py:222} INFO - ::endgroup::
