[2026-09-17T11:05:57.198+0000] {local_task_job_runner.py:120} INFO - ::group::Pre task execution logs
[2026-09-17T11:05:57.816+0000] {taskinstance.py:2076} INFO - Dependencies all met for dep_context=non-requeueable deps ti=<TaskInstance: youtube_warehouse.load_staging manual__2026-09-17T11:05:55.190974+00:00 [queued]>
[2026-09-17T11:05:57.826+0000] {taskinstance.py:2076} INFO - Dependencies all met for dep_context=requeueable deps ti=<TaskInstance: youtube_warehouse.load_staging manual__2026-09-17T11:05:55.190974+00:00 [queued]>
[2026-09-17T11:05:57.839+0000] {taskinstance.py:2306} INFO - Starting attempt 1 of 1
[2026-09-17T11:05:57.853+0000] {taskinstance.py:2330} INFO - Executing <Task(PythonOperator): load_staging> on 2026-09-17 11:05:55.190974+00:00
[2026-09-17T11:05:57.864+0000] {standard_task_runner.py:63} INFO - Started process 526 to run task
[2026-09-17T11:05:57.866+0000] {standard_task_runner.py:90} INFO - Running: ['airflow', 'tasks', 'run', 'youtube_warehouse', 'load_staging', 'manual__2026-09-17T11:05:55.190974+00:00', '--job-id', '14', '--raw', '--subdir', 'DAGS_FOLDER/warehouse_dag.py', '--cfg-path', '/tmp/tmpgzh3n2oj']
[2026-09-17T11:05:57.870+0000] {standard_task_runner.py:91} INFO - Job 14: Subtask load_staging
[2026-09-17T11:05:57.928+0000] {task_command.py:426} INFO - Running <TaskInstance: youtube_warehouse.load_staging manual__2026-09-17T11:05:55.190974+00:00 [running]> on host 2af1f86c161b
[2026-09-17T11:05:58.029+0000] {taskinstance.py:2648} INFO - Exporting env vars: AIRFLOW_CTX_DAG_OWNER='airflow' AIRFLOW_CTX_DAG_ID='youtube_warehouse' AIRFLOW_CTX_TASK_ID='load_staging' AIRFLOW_CTX_EXECUTION_DATE='2026-09-17T11:05:55.190974+00:00' AIRFLOW_CTX_TRY_NUMBER='1' AIRFLOW_CTX_DAG_RUN_ID='manual__2026-09-17T11:05:55.190974+00:00'
[2026-09-17T11:05:58.031+0000] {taskinstance.py:430} INFO - ::endgroup::
[2026-09-17T11:05:58.073+0000] {taskinstance.py:441} INFO - ::group::Post task execution logs
[2026-09-17T11:05:58.075+0000] {taskinstance.py:2905} ERROR - Task failed with exception
Traceback (most recent call last):
  File "/home/airflow/.local/lib/python3.10/site-packages/airflow/models/taskinstance.py", line 465, in _execute_task
    result = _execute_callable(context=context, **execute_callable_kwargs)
  File "/home/airflow/.local/lib/python3.10/site-packages/airflow/models/taskinstance.py", line 432, in _execute_callable
    return execute_callable(context=context, **execute_callable_kwargs)
  File "/home/airflow/.local/lib/python3.10/site-packages/airflow/models/baseoperator.py", line 401, in wrapper
    return func(self, *args, **kwargs)
  File "/home/airflow/.local/lib/python3.10/site-packages/airflow/operators/python.py", line 235, in execute
    return_value = self.execute_callable()
  File "/home/airflow/.local/lib/python3.10/site-packages/airflow/operators/python.py", line 252, in execute_callable
    return self.python_callable(*self.op_args, **self.op_kwargs)
  File "/opt/airflow/dags/warehouse_dag.py", line 21, in load_staging
    staging_table_data(path)
  File "/opt/airflow/loading/postgres.py", line 13, in staging_table_data
    cursor = connection.cursor()
TypeError: 'NoneType' object is not callable
[2026-09-17T11:05:58.095+0000] {taskinstance.py:1206} INFO - Marking task as FAILED. dag_id=youtube_warehouse, task_id=load_staging, run_id=manual__2026-09-17T11:05:55.190974+00:00, execution_date=20260917T110555, start_date=20260917T110557, end_date=20260917T110558
[2026-09-17T11:05:58.128+0000] {standard_task_runner.py:110} ERROR - Failed to execute job 14 for task load_staging ('NoneType' object is not callable; 526)
[2026-09-17T11:05:58.163+0000] {local_task_job_runner.py:240} INFO - Task exited with return code 1
[2026-09-17T11:05:58.180+0000] {taskinstance.py:3503} INFO - 0 downstream tasks scheduled from follow-on schedule check
[2026-09-17T11:05:58.211+0000] {local_task_job_runner.py:222} INFO - ::endgroup::
