[2026-09-19T15:34:55.155+0000] {processor.py:161} INFO - Started process (PID=53) to work on /opt/airflow/dags/extraction_dag.py
[2026-09-19T15:34:55.159+0000] {processor.py:830} INFO - Processing file /opt/airflow/dags/extraction_dag.py for tasks to queue
[2026-09-19T15:34:55.165+0000] {logging_mixin.py:188} INFO - [2026-09-19T15:34:55.164+0000] {dagbag.py:545} INFO - Filling up the DagBag from /opt/airflow/dags/extraction_dag.py
[2026-09-19T15:34:55.547+0000] {processor.py:840} INFO - DAG(s) 'youtube_extraction' retrieved from /opt/airflow/dags/extraction_dag.py
[2026-09-19T15:34:56.268+0000] {logging_mixin.py:188} INFO - [2026-09-19T15:34:56.266+0000] {override.py:1829} INFO - Created Permission View: can read on DAG:youtube_extraction
[2026-09-19T15:34:56.300+0000] {logging_mixin.py:188} INFO - [2026-09-19T15:34:56.299+0000] {override.py:1829} INFO - Created Permission View: can delete on DAG:youtube_extraction
[2026-09-19T15:34:56.321+0000] {logging_mixin.py:188} INFO - [2026-09-19T15:34:56.320+0000] {override.py:1829} INFO - Created Permission View: can edit on DAG:youtube_extraction
[2026-09-19T15:34:56.324+0000] {logging_mixin.py:188} INFO - [2026-09-19T15:34:56.323+0000] {dag.py:3096} INFO - Sync 1 DAGs
[2026-09-19T15:34:56.369+0000] {logging_mixin.py:188} INFO - [2026-09-19T15:34:56.368+0000] {dag.py:3118} INFO - Creating ORM DAG for youtube_extraction
[2026-09-19T15:34:56.404+0000] {logging_mixin.py:188} INFO - [2026-09-19T15:34:56.404+0000] {dag.py:3954} INFO - Setting next_dagrun for youtube_extraction to 2026-09-18 00:00:00+00:00, run_after=2026-09-19 00:00:00+00:00
[2026-09-19T15:34:56.459+0000] {processor.py:183} INFO - Processing /opt/airflow/dags/extraction_dag.py took 1.322 seconds
[2026-09-19T15:35:26.794+0000] {processor.py:161} INFO - Started process (PID=67) to work on /opt/airflow/dags/extraction_dag.py
[2026-09-19T15:35:26.798+0000] {processor.py:830} INFO - Processing file /opt/airflow/dags/extraction_dag.py for tasks to queue
[2026-09-19T15:35:26.804+0000] {logging_mixin.py:188} INFO - [2026-09-19T15:35:26.803+0000] {dagbag.py:545} INFO - Filling up the DagBag from /opt/airflow/dags/extraction_dag.py
[2026-09-19T15:35:26.987+0000] {processor.py:840} INFO - DAG(s) 'youtube_extraction' retrieved from /opt/airflow/dags/extraction_dag.py
[2026-09-19T15:35:27.103+0000] {logging_mixin.py:188} INFO - [2026-09-19T15:35:27.102+0000] {dag.py:3096} INFO - Sync 1 DAGs
[2026-09-19T15:35:27.139+0000] {logging_mixin.py:188} INFO - [2026-09-19T15:35:27.138+0000] {dag.py:3954} INFO - Setting next_dagrun for youtube_extraction to 2026-09-18 00:00:00+00:00, run_after=2026-09-19 00:00:00+00:00
[2026-09-19T15:35:27.170+0000] {processor.py:183} INFO - Processing /opt/airflow/dags/extraction_dag.py took 0.391 seconds
[2026-09-19T15:35:57.511+0000] {processor.py:161} INFO - Started process (PID=76) to work on /opt/airflow/dags/extraction_dag.py
[2026-09-19T15:35:57.514+0000] {processor.py:830} INFO - Processing file /opt/airflow/dags/extraction_dag.py for tasks to queue
[2026-09-19T15:35:57.518+0000] {logging_mixin.py:188} INFO - [2026-09-19T15:35:57.518+0000] {dagbag.py:545} INFO - Filling up the DagBag from /opt/airflow/dags/extraction_dag.py
[2026-09-19T15:35:57.626+0000] {processor.py:840} INFO - DAG(s) 'youtube_extraction' retrieved from /opt/airflow/dags/extraction_dag.py
[2026-09-19T15:35:57.668+0000] {logging_mixin.py:188} INFO - [2026-09-19T15:35:57.667+0000] {dag.py:3096} INFO - Sync 1 DAGs
[2026-09-19T15:35:57.689+0000] {logging_mixin.py:188} INFO - [2026-09-19T15:35:57.689+0000] {dag.py:3954} INFO - Setting next_dagrun for youtube_extraction to 2026-09-18 00:00:00+00:00, run_after=2026-09-19 00:00:00+00:00
[2026-09-19T15:35:57.738+0000] {processor.py:183} INFO - Processing /opt/airflow/dags/extraction_dag.py took 0.234 seconds
[2026-09-19T15:36:28.091+0000] {processor.py:161} INFO - Started process (PID=85) to work on /opt/airflow/dags/extraction_dag.py
[2026-09-19T15:36:28.093+0000] {processor.py:830} INFO - Processing file /opt/airflow/dags/extraction_dag.py for tasks to queue
[2026-09-19T15:36:28.096+0000] {logging_mixin.py:188} INFO - [2026-09-19T15:36:28.096+0000] {dagbag.py:545} INFO - Filling up the DagBag from /opt/airflow/dags/extraction_dag.py
[2026-09-19T15:36:28.189+0000] {processor.py:840} INFO - DAG(s) 'youtube_extraction' retrieved from /opt/airflow/dags/extraction_dag.py
[2026-09-19T15:36:28.236+0000] {logging_mixin.py:188} INFO - [2026-09-19T15:36:28.236+0000] {dag.py:3096} INFO - Sync 1 DAGs
[2026-09-19T15:36:28.259+0000] {logging_mixin.py:188} INFO - [2026-09-19T15:36:28.258+0000] {dag.py:3954} INFO - Setting next_dagrun for youtube_extraction to 2026-09-18 00:00:00+00:00, run_after=2026-09-19 00:00:00+00:00
[2026-09-19T15:36:28.307+0000] {processor.py:183} INFO - Processing /opt/airflow/dags/extraction_dag.py took 0.221 seconds
