[2026-09-17T11:17:26.243+0000] {local_task_job_runner.py:120} INFO - ::group::Pre task execution logs
[2026-09-17T11:17:26.385+0000] {taskinstance.py:2076} INFO - Dependencies all met for dep_context=non-requeueable deps ti=<TaskInstance: youtube_warehouse.load_core manual__2026-09-17T11:17:20+00:00 [queued]>
[2026-09-17T11:17:26.395+0000] {taskinstance.py:2076} INFO - Dependencies all met for dep_context=requeueable deps ti=<TaskInstance: youtube_warehouse.load_core manual__2026-09-17T11:17:20+00:00 [queued]>
[2026-09-17T11:17:26.406+0000] {taskinstance.py:2306} INFO - Starting attempt 1 of 1
[2026-09-17T11:17:26.423+0000] {taskinstance.py:2330} INFO - Executing <Task(PythonOperator): load_core> on 2026-09-17 11:17:20+00:00
[2026-09-17T11:17:26.429+0000] {standard_task_runner.py:63} INFO - Started process 717 to run task
[2026-09-17T11:17:26.433+0000] {standard_task_runner.py:90} INFO - Running: ['airflow', 'tasks', 'run', 'youtube_warehouse', 'load_core', 'manual__2026-09-17T11:17:20+00:00', '--job-id', '19', '--raw', '--subdir', 'DAGS_FOLDER/warehouse_dag.py', '--cfg-path', '/tmp/tmp8622zed0']
[2026-09-17T11:17:26.436+0000] {standard_task_runner.py:91} INFO - Job 19: Subtask load_core
[2026-09-17T11:17:26.526+0000] {task_command.py:426} INFO - Running <TaskInstance: youtube_warehouse.load_core manual__2026-09-17T11:17:20+00:00 [running]> on host 2af1f86c161b
[2026-09-17T11:17:26.699+0000] {taskinstance.py:2648} INFO - Exporting env vars: AIRFLOW_CTX_DAG_OWNER='airflow' AIRFLOW_CTX_DAG_ID='youtube_warehouse' AIRFLOW_CTX_TASK_ID='load_core' AIRFLOW_CTX_EXECUTION_DATE='2026-09-17T11:17:20+00:00' AIRFLOW_CTX_TRY_NUMBER='1' AIRFLOW_CTX_DAG_RUN_ID='manual__2026-09-17T11:17:20+00:00'
[2026-09-17T11:17:26.701+0000] {taskinstance.py:430} INFO - ::endgroup::
[2026-09-17T11:17:26.853+0000] {logging_mixin.py:188} INFO - 0
[2026-09-17T11:17:26.910+0000] {logging_mixin.py:188} INFO -       video_id  ... comments
0  mc5F7hO2GXs  ...        0
1  UQjeDJ0Gfis  ...        0
2  ypvKyBWvvV4  ...        2
3  YdFUJ2xR9zI  ...        3
4  RnWxCkTwtPQ  ...        6

[5 rows x 7 columns]
[2026-09-17T11:17:26.913+0000] {logging_mixin.py:188} INFO - video_id                object
title                   object
published_at    datetime64[ns]
duration                 int64
views                    int64
likes                    int64
comments                 int64
dtype: object
[2026-09-17T11:17:26.917+0000] {logging_mixin.py:188} INFO - video_id        0
title           0
published_at    0
duration        0
views           0
likes           0
comments        0
dtype: int64
[2026-09-17T11:17:26.962+0000] {logging_mixin.py:188} INFO - Données nettoyées insérées dans core !
[2026-09-17T11:17:26.964+0000] {logging_mixin.py:188} INFO - Transformation + chargement Core terminés
[2026-09-17T11:17:26.965+0000] {python.py:237} INFO - Done. Returned value was: None
[2026-09-17T11:17:26.967+0000] {taskinstance.py:441} INFO - ::group::Post task execution logs
[2026-09-17T11:17:26.976+0000] {taskinstance.py:1206} INFO - Marking task as SUCCESS. dag_id=youtube_warehouse, task_id=load_core, run_id=manual__2026-09-17T11:17:20+00:00, execution_date=20260917T111720, start_date=20260917T111726, end_date=20260917T111726
[2026-09-17T11:17:27.010+0000] {local_task_job_runner.py:240} INFO - Task exited with return code 0
[2026-09-17T11:17:27.026+0000] {taskinstance.py:3503} INFO - 0 downstream tasks scheduled from follow-on schedule check
[2026-09-17T11:17:27.035+0000] {local_task_job_runner.py:222} INFO - ::endgroup::
